     1	one
     2	two
     3	
     4	three
     5	
     6	four
     7	
